ann 30 true 9.5
Taipei/100
{"name":"ann","age":30,"active":true,"score":9.5,"home_address":{"city":"Taipei","zip":"100"}}
{
  "name": "ann",
  "age": 30,
  "active": true,
  "score": 9.5,
  "home_address": {
    "city": "Taipei",
    "zip": "100"
  }
}
[bob] age=0 addr=null
x -> ann/100
{"name":"ann","age":30,"active":true,"score":9.5,"home_address":{"city":"Taipei","zip":"100"}}
ann/Taipei
100
