== a block body stops where it is ==
  one
after n=1
  two
after n=2
  other
after n=3
== a colon body still falls through ==
  colon one
  colon two
  colon two
== an arrow is not required to be the last thing ==
  plain one
  plain two
  plain other
== switch expressions ==
expr block one
expr two
expr other
== an arrow throw ==
caught arrow throw
  block two ran
no throw
  block other ran
no throw
