== the null cases ==
NPE on store
NPE on load
NPE on compound assignment
NPE on update
== a null further along the receiver ==
NPE on store through a null holder
NPE on store through a null field
== and the same operations on a real object ==
stored 5
loaded 5
compounded 10
updated 11
assigned 100
compounded 101
updated 102
postfix value 102
after postfix 103
