written={"id":"k1","name":"ann","balance":12.5,"note":"n"}
round=k1/ann/12.5/n
alternate=k9/bo/3.0
field-name=null/cy
both=main
expose-off={"shown":"s","onlyRead":"r","onlyWritten":"w","plain":"p"}
expose-on={"shown":"s","onlyWritten":"w"}
expose-read=S/R/null/null
no-version={"first":"1","legacy":"L","middle":"M","always":"A"}
v0.9={"legacy":"L","always":"A"}
v1.0={"first":"1","middle":"M","always":"A"}
v1.5={"first":"1","middle":"M","always":"A"}
v2.0={"first":"1","always":"A"}
v0.9-read=null/y/null/w
names=2
  name[0]=id
  name[1]=identifier
expose=false/true
range=1.0..2.0
