null -> HTTP/1.1 200 OK length=0 body=[]
null-object -> HTTP/1.1 200 OK length=0 body=[]
null-response -> HTTP/1.1 200 OK length=0 body=[]
finally -> HTTP/1.1 500 Internal Server Error length=28 body=[internal error: from finally]
finally-advised -> HTTP/1.1 200 OK length=21 body=[advised: from finally]
advice-throws -> HTTP/1.1 500 Internal Server Error length=36 body=[internal error: the advice threw too]
after-the-failing-advice -> HTTP/1.1 200 OK length=1 body=[1]
serving-thread-alive=true
failure-then-success -> A[HTTP/1.1 500 Internal Server Error length=28 body=[internal error: from finally]] B[HTTP/1.1 200 OK length=1 body=[1]]
done
