int_valueOf_127 = true
int_valueOf_128 = false
int_valueOf_minus128 = true
int_valueOf_minus129 = false
int_box_127 = true
int_box_128 = false
short_box_127 = true
short_box_128 = false
long_box_127 = true
long_box_128 = false
bool_box_true = true
bool_valueOf = true
byte_valueOf_minus128 = true
byte_valueOf_127 = true
short_valueOf_minus128 = true
char_cached_a = true
char_cached_127 = true
char_not_cached = false
equals_1000 = true
unbox_sum = true
cached_is_still_a_value = true
