request-line-20k -> HTTP/1.1 414 URI Too Long [the request line is longer than 8192 bytes]
headers-20k -> HTTP/1.1 431 Request Header Fields Too Large [a request header is longer than 8192 bytes]
headers-200 -> HTTP/1.1 431 Request Header Fields Too Large [the request has more than 100 headers]
request-line-ok -> HTTP/1.1 200 OK [1]
body-1e9 -> HTTP/1.1 413 Content Too Large [the request body of 1000000000 bytes is over the limit of 10485760 bytes]
body-1e9 within-a-second=true
body-1e9 rss-under-16mb=true
body-1e9-expect -> HTTP/1.1 413 Content Too Large [the request body of 1000000000 bytes is over the limit of 10485760 bytes]
limit-1000 -> HTTP/1.1 200 OK [len=1000]
limit-1001 -> HTTP/1.1 413 Content Too Large [the request body of 1001 bytes is over the limit of 1000 bytes]
cl-huge -> HTTP/1.1 400 Bad Request [not a Content-Length: 99999999999999999999]
cl-negative -> HTTP/1.1 400 Bad Request [not a Content-Length: -1]
cl-list-differs -> HTTP/1.1 400 Bad Request [Content-Length names two lengths: 1, 2]
cl-list-same -> HTTP/1.1 200 OK [len=1]
cl-twice-same -> HTTP/1.1 200 OK [len=1]
cl-twice-differs -> HTTP/1.1 400 Bad Request [Content-Length is declared twice, as 1 and as 2]
cl-not-a-number -> HTTP/1.1 400 Bad Request [not a Content-Length: five]
cl-and-te -> HTTP/1.1 400 Bad Request [a request with both Content-Length and Transfer-Encoding is refused: one of them is a lie]
te-gzip-chunked -> HTTP/1.1 501 Not Implemented [transfer coding not implemented: gzip]
te-chunked-gzip -> HTTP/1.1 400 Bad Request [chunked is not the last transfer coding: chunked, gzip]
te-gzip -> HTTP/1.1 501 Not Implemented [transfer coding not implemented: gzip]
te-chunked-ok -> HTTP/1.1 200 OK [len=5]
chunk-size-overflow -> HTTP/1.1 400 Bad Request [not a chunk size: FFFFFFFFFFFFFFFFF]
chunk-size-huge -> HTTP/1.1 413 Content Too Large [the request body is over the limit of 10485760 bytes]
chunk-size-not-hex -> HTTP/1.1 400 Bad Request [not a chunk size: zz]
chunk-extension-20k -> HTTP/1.1 431 Request Header Fields Too Large [a chunk size line is longer than 8192 bytes]
trailer-20k -> HTTP/1.1 431 Request Header Fields Too Large [a trailer is longer than 8192 bytes]
chunk-not-followed-by-crlf -> HTTP/1.1 400 Bad Request [a chunk of the request body was not followed by CRLF]
space-before-colon -> HTTP/1.1 400 Bad Request [whitespace before the colon in: X-Foo : v]
obs-fold -> HTTP/1.1 400 Bad Request [a header line continues the one before it:   continued]
header-name-with-space -> HTTP/1.1 400 Bad Request [not a header name: X Fo o]
version-9 -> HTTP/1.1 505 HTTP Version Not Supported [HTTP version not supported: HTTP/9.9]
version-missing -> HTTP/1.1 400 Bad Request [malformed request line: GET /api/one]
absolute-form -> HTTP/1.1 200 OK [1]
expect-other -> HTTP/1.1 417 Expectation Failed [expectation not met: magic]
expect-continue-ok -> HTTP/1.1 100 Continue []
slow-header -> [HTTP/1.1 408 Request Timeout]
done
