len_zh = 2
charAt_zh = 文
len_emoji = 2
sub_zh = 中
bytes_zh = 6
upper_ss = SS
rev_zh = 中ba
indexOf_zh = 3
fmt_1.005 = 1.01
fmt_0.125 = 0.13
d_0.1+0.2 = 0.30000000000000004
f_1/3 = 0.33333334
d_1e7 = 1.0E7
d_min = 4.9E-324
d_f0.1 = 0.10000000149011612
d_123456789 = 1.23456789E8
round_-2.5 = -2
char_add = 195
str_char = ab
byte_200 = -56
short_70000 = 4464
shift_33 = 2
ushr_-1_28 = 15
mod_neg = -1
abs_min = -2147483648
split_trailing = 2
split_leading = 2
hash_Aa_BB = true
objects_hash = 30817
box_127 = true
box_128 = false
str_identity = false
negzero_cmp = -1
hashmap_order = {banana=1, date=4, apple=2, cherry=3, elderberry=5}
hashset_order = [64, 17, 3, 100]
aioobe_msg = Index 5 out of bounds for length 3
cce = caught
nfe_msg = For input string: " 5"
parse_plus = 5
list_of = [1, 2, 3]
tobin_-1 = 32
dbl_str_1e-5 = 1.0E-5
float_max = 3.4028235E38
long_min_div = -9223372036854775808
int_min_mod = 0
nan_eq = false
str_null = xnull
char_compound = B
sb_insert = a2.5bc
str_repeat = ababab
strip_ws = 1
trim_ws = 3
cmp_zh = -5978
lower_I = 2
