d = 42
d_width = [    42]
d_left = [42    ]
d_zero = [-00042]
d_plus = [+42]
d_space = [ 42]
d_group = [1,234,567]
d_hex = [ff]
d_oct = [10]
d_bin_none = [101]
f = 1.500000
f_prec = 0.333
f_width_prec = [    3.14]
f_zero = [-0003.14]
f_round_1.005 = 1.01
f_round_2.675 = 2.68
e = 1.234568e+03
g = 1.23400e-05
s = [        ab]
s_prec = [ab]
s_null = null
b = true false
c = A
c_digit = 中
nested = a b
percent = 100%
dbl_str = 1234.5678 0.001
int_str = ff 9
long_hex = ff 10
parse_radix = 255
printf = printed
printf_d=7 printf_s=AB
round = 3 -2 2
min_max = 3 3.5
