i_127 = true
i_128 = false
i_-128 = true
i_-129 = false
i_auto = true
i_equals = true
long_127 = true
long_128 = false
short_127 = true
byte_127 = true
char_127 = true
char_128 = false
bool_true = true
dbl_box = false
dbl_equals = true
unbox = 6
valueOf_text = 18
list = [1, 2]
list_eq = true
map_get = one
box_sum = 3
long_auto = 9000000000
