list = [banana, apple, cherry]
list_sub = [apple, cherry]
list_empty = []
list_nested = [[1, 2], [3]]
as_list = [a, b]
as_list_one = [a]
singleton = [x]
empty_list = []
n_copies = [z, z, z]
unmodifiable = [banana, apple, cherry]
array = [1, 2, 3]
array_deep = [[1, 2], [3]]
array_char = [a, 中]
array_double = [1.5, 0.125]
array_empty = []
hashmap = {banana=1, date=4, apple=2, cherry=3, elderberry=5}
hashmap_keys = [apple, banana, cherry, date, elderberry]
hashmap_values = [1, 4, 2, 3, 5]
hashset = [one, two, three]
linkedhashset = [b, a, c]
treemap = {apple=2, banana=1, cherry=3, date=4, elderberry=5}
treeset = [1, 3, 5]
linkedhashmap = {z=1, a=2}
deque = [a, b]
stack_push = a
iterator = banana apple true
entry = banana=1
entry_str = banana=1
string_of_int_array = 3
array_clone = [1, 2, 3]
sorted = [1, 2, 3]
reversed = [3, 2, 1]
max = 3
contains = true true true
char_list = 中文
join_builder = banana|apple|cherry|
foreach_int = 6
hashmap_zh = {中文=1, 文=2, 中=3}
