aioobe_class = java.lang.ArrayIndexOutOfBoundsException
aioobe_str = java.lang.ArrayIndexOutOfBoundsException: Index 5 out of bounds for length 3
aioobe_msg = Index 5 out of bounds for length 3
sioobe_class = java.lang.StringIndexOutOfBoundsException
sioobe_msg = Index 9 out of bounds for length 3
nfe_class = java.lang.NumberFormatException
nfe_msg = For input string: "abc"
nfe_space_msg = For input string: " 5"
arithmetic_class = java.lang.ArithmeticException
arithmetic_msg = / by zero
cce_class = java.lang.ClassCastException
cce_msg = class java.lang.String cannot be cast to class java.lang.Integer (java.lang.String and java.lang.Integer are in module java.base of loader 'bootstrap')
npe_class = java.lang.NullPointerException
npe_msg = Cannot invoke "Object.toString()" because "<local1>" is null
runtime_catch = state
is_exception = true
is_throwable = true
illegal_class = java.lang.IllegalArgumentException
illegal_msg = bad
uoe_msg_is_null = true
uoe_str = java.lang.UnsupportedOperationException
ase_class = java.lang.ArrayStoreException
ase_msg = java.lang.Integer
catch_var = ok
