sb_len = 4
sb_units = 61 d83d de00 62
sb_charat1 = d83d
sb_charat2 = de00
sb_sub_0_2 = 61 d83d
sb_sub_1_2 = d83d
sb_sub_1_3 = d83d de00
append_pair = d83d de00
append_chars = 78 79 d83d de00 7a
insert_inside = 61 d83d 2d d83d de00 de00 62
insert_char_high = 61 d83d de00 62 d83d
delcharat_high = 61 de00 62
delcharat_low = 61 d83d 62
delete_pair = 61 62
delete_straddle = 61 d83d
replace_pair = 61 d83e dd14 62
replace_straddle = 61 d83d 78 79
setcharat_high = 61 de00 de00 62
setcharat_low = 61 d83d d83d 62
setlen_2 = 61 d83d
setlen_4 = 61 d83d de00 62 7c
setlen_grow = 61 62 0 0
reverse = 4e2d 62 d83d de00 61
reverse_pairs = d83e dd14 d83d de00
reverse_lone = 61 d83d de00
delete_clamp = 61 62
replace_clamp = 61 62 5a
replace_clamp_pair = 61 5a
delete_bad = caught StringIndexOutOfBoundsException
delete_neg = caught StringIndexOutOfBoundsException
substring_bad = caught StringIndexOutOfBoundsException
setlength_neg = caught StringIndexOutOfBoundsException
delcharat_bad = caught StringIndexOutOfBoundsException
setcharat_bad = caught StringIndexOutOfBoundsException
insert_bad = caught StringIndexOutOfBoundsException
replace_null = NullPointerException
append_null_chars = NullPointerException
insert_null_chars = NullPointerException
append_null_str = 61 62 63 6e 75 6c 6c
insert_null_str = 61 6e 75 6c 6c 62 63
buffer_setcharat = 61 d83d d83d 62
buffer_delete = 61 d83d
buffer_replace = 61 4e2d 62
buffer_setlen = 61 d83d de00
buffer_reverse = 62 d83d de00 61
buffer_insert = 61 d83d de00 d83d de00 62
a😀b = 61 d83d de00 62 | bytes=6
a中b = 61 4e2d 62 | bytes=5
😀 = d83d de00 | bytes=4
