string = java.lang.String
integer = java.lang.Integer
list = java.util.ArrayList
map = java.util.HashMap
entry = java.util.Map$Entry
class_of_class = java.lang.Class
exception = java.lang.RuntimeException
aioobe_class = java.lang.ArrayIndexOutOfBoundsException
aioobe_str = java.lang.ArrayIndexOutOfBoundsException: Index 5 out of bounds for length 3
aioobe_msg = Index 5 out of bounds for length 3
sioobe_class = java.lang.StringIndexOutOfBoundsException
sioobe_str = java.lang.StringIndexOutOfBoundsException: Index 9 out of bounds for length 3
sioobe_msg = Index 9 out of bounds for length 3
nfe_class = java.lang.NumberFormatException
nfe_str = java.lang.NumberFormatException: For input string: "abc"
nfe_msg = For input string: "abc"
nfe_space_class = java.lang.NumberFormatException
nfe_space_str = java.lang.NumberFormatException: For input string: " 5"
nfe_space_msg = For input string: " 5"
arith_class = java.lang.ArithmeticException
arith_str = java.lang.ArithmeticException: / by zero
arith_msg = / by zero
illegal_class = java.lang.IllegalStateException
illegal_str = java.lang.IllegalStateException: state
illegal_msg = state
uoe_class = java.lang.UnsupportedOperationException
uoe_str = java.lang.UnsupportedOperationException
uoe_msg = null
caught_by_parent = java.lang.ArrayIndexOutOfBoundsException
