types = 41:1 61:2 30:9 4e2d:5 301:6 ff11:9 2160:10 a0:12 3000:12 200b:16 1f600:28 d800:19 e000:18 10ffff:0 378:0 2028:13 5f:23 24:26 2b:25 9:15 b2:11 bd:11
isLetter_zh = true
isLetter_astral = true
isLetter_undef = false
isDigit_astral = true
isWhitespace_2028 = true
isSpaceChar_2028 = true
isSpaceChar_nbsp = true
isWhitespace_nbsp = false
isWhitespace_200b = false
isDefined_378 = false
isDefined_4e2d = true
isDefined_neg = false
isDefined_toobig = false
digit_fw = 1
digit_fw_letter = 10
digit_super = -1
digit_roman = -1
digit_astral = 0
digit_bad_radix = -1
numeric_fw = 1
numeric_roman = 12
numeric_half = -2
numeric_letter = 15 15
numeric_none = -1
numeric_big = -2
for_digit = 48 57 97 122
for_digit_bad = 0 0 0
to_upper_char = 223 924 66560
to_lower_char = 105 959
to_title_char = 453 453
upper_str_ss = SS 53 53
lower_str_I = 69 307
upper_str_lig = FFI FI
upper_str_micro = Μ
upper_astral = d801 dc00
lower_astral = d801 dc28
sigma_0 = 3bf 3b4 3bf 3c2
sigma_1 = 3bf 3b4 3bf 3c3 3b1
sigma_2 = 3bf 3b4 3bf 3c2 2e
sigma_3 = 3bf 3b4 3bf 3c2 20 3b1 3c2
sigma_4 = 3c3
sigma_5 = 3c3 3c2
sigma_6 = 3b1 3c2 31
sigma_7 = 3b1 3c3 31 3b1
sigma_8 = 3b1 3c3 301 3b1
strip = 4e2d true
strip_lead = 4e2d 3000
strip_trail = 3000 4e2d
strip_nbsp = a0 78 a0 false
strip_2028 = 78
strip_all = []
strip_empty = []
trim_3000 = [　x　]
blank_samples = true true false true false
parse_fw = 123
parse_fw_minus = -12
parse_fw_plus = 12
parse_mixed = 123
parse_arabic = 123
parse_devanagari = 123
parse_radix16 = 26
parse_astral = NumberFormatException
parse_super = NumberFormatException
parse_roman = NumberFormatException
parse_space = NumberFormatException
parse_empty = NumberFormatException
parse_sign = NumberFormatException
long_fw = 123
long_max = 9223372036854775807
long_over = NumberFormatException
byte_fw = 127
short_fw = 123
double_fw = NumberFormatException
double_plain = 123.0
double_spaces = 123.0
to_string = 123 v 9223372036854775807 -80000000
eq_ic_ascii = true
eq_ic_dotless = true
eq_ic_sharp_s = true false
eq_ic_astral = true
cmp_ic = after
region_ic = true true
region_ic_dotless = true
