int_literal_class = java.lang.NegativeArraySizeException
int_literal_msg = -1
eval_computed = -1 call 1
int_computed_class = java.lang.NegativeArraySizeException
int_computed_msg = -1
object_literal_class = java.lang.NegativeArraySizeException
object_literal_msg = -2
string_literal_class = java.lang.NegativeArraySizeException
string_literal_msg = -3
outer_first_class = java.lang.NegativeArraySizeException
outer_first_msg = -1
inner_only_class = java.lang.NegativeArraySizeException
inner_only_msg = -1
three_dims_second_class = java.lang.NegativeArraySizeException
three_dims_second_msg = -1
outer_zero_inner_negative_class = java.lang.NegativeArraySizeException
outer_zero_inner_negative_msg = -1
extra_dim_class = java.lang.NegativeArraySizeException
extra_dim_msg = -1
eval_first = -1 call 1
eval_second = 3 call 2
evaluation_order_class = java.lang.NegativeArraySizeException
evaluation_order_msg = -1
calls_after_evaluation_order = 2
ok_multi_len = 2 3
ok_multi = no exception
ok_zero_len = 0
ok_zero = no exception
still running
