a no match
b matched 1,2 Point[x=3, y=4]
c matched Point[x=5, y=6] null
d matched null Point[x=7, y=8]
e no match
f matched Circle[r=3] Square[s=4]
g1 matched 1256
g2 no match
g3 no match
h 0 1,2
h stopped at 1
i line 1,2
i other
i box Circle[r=3] Square[s=4]
j small 1,2
j big 9,9
k flat 23
l named 11
m no match
n no match
n matched Inner[n=15] Square[s=16]
o matched 17
o null no match
