[a, b, c]
a c
a c
[b]
z z
1 2
yyb
b 2
[1, 2] 1 2
null
null
empty queue
empty element
1 null {a=1, b=2, c=3, d=4}
-1 1
1 true true
{a=99, b=2, c=3, d=4}
false true {a=99, b=2, c=3}
12 5
24 25
7 null {a=99, b=25, c=3, e=5}
{a=199, b=125, c=103, e=105}
a=199;b=125;c=103;e=105;
{a=0, b=125, c=103, e=105}
true {a=0, b=125, c=103}
[0, 125, 103]
true true false
3 false
true true
{} true
0
{a=1, b=1, c=1, d=1, e=1}
a e
{b=1, c=1} {b=1, c=1, d=1}
{a=1, b=1} {c=1, d=1, e=1} {d=1, e=1}
{e=1, d=1, c=1, b=1, a=1}
[a, b, c, d, e] [e, d, c, b, a]
a=1 e=1
c=1 b=1 c a
{b=1, c=1, d=1} {d=1, c=1, b=1} b d
{b=1, bb=99, c=1, d=1}
1 {a=1, b=1, bb=99, d=1, e=1}
a=1 e=1 {b=1, bb=99, d=1}
null
[b, c, d]
[a, B, c, d, e]
[a, B, c, d, X, e]
B [a, c, d, X, e]
[a, e] []
true
[3, 1, 2, 0, 0]
[1, 2]
[3, 1]
[7, 7, 7]
true false
30817 4066
[ann, bob] 3097525
[[1, 0], [0, 2]]
true true
[p, q] 2 q
[P, q]
fixed size
[P, q]
3 true
unmodifiable collection
[a, b, c]
2
unmodifiable map
1
[n, n]
false
[a, b, c] 3
[c, b, a]
1 -1
dflt x
made x
null default
true true
x null
97 false
3 abc!
supplied
abc
true
abc
no value
boom
present abc
absent
true true
Optional.empty Optional[abc]
[a, b] 6
[a, b, c-d]
[]
[none]
x
[a, cc, aaa]
a aaa
[aaa, cc, a]
aaa cc a 
a aaa [cc]
true true true
true true
true true [2, 3]
false [2, 3]
false [1, 2, 3]
true true true
true true
1 false true
