exists: false
kind none: true
length of missing: 0
list of missing: true
read: true
delete: true
write: true
specific first: true
caught as IOException: true
read dir: true
lf: 3 c
no trailing: 3 c
crlf: 3 b 1
cr: 3 b
empty: 0
one terminator: 1 empty: true
two crlf: 2
mixed: 4 abcd
double cr: 3 true
utf8 lines: 2 true
utf8 size: 14
overwrite: true
cleaned: true
