dir exists: true
before: false
after: true
regular: true
size: 14
text: true
appended size: 19
lines: 4
first: one
last: four
binary: true
binary size: 256
deep before: false
deep after: true
idempotent: true
entries: 4
sorted: true
listFiles: true
child path: top.txt
delete: true
gone: false
deleteIfExists again: false
cleaned: true
